---
source: crates/test-utils/src/lib.rs
expression: rendered
input_file: crates/uitest/tests/fixtures/solver/ergo_inst_wrong_kind/main.sol
---
error[SC0299]: Invalid number of type arguments!
 --> /main/main.sol:5:8
  |
3 | trait C<a> {}
4 |
5 | impl C<Box> {}
  |        ^^^ diagnostic reported here
  |
  = note: Type Box is expected to have 1 type arguments
  = note: but, type Box has 0 arguments
