---
source: crates/test-utils/src/lib.rs
expression: rendered
input_file: crates/uitest/tests/fixtures/parse/named_param_missing_type_top_level/main.sol
---
error[SC0001]: named function parameter requires an explicit type
 --> /main/main.sol:1:13
  |
1 | function id(x) {
  |             ^
2 |   return x;
3 | }
  |
  = note: while parsing function signature
