---
source: crates/test-utils/src/lib.rs
expression: rendered
input_file: crates/uitest/tests/fixtures/nameres/unqualified_ctor_expr/main.sol
---
error[SC0106]: unqualified constructor: on
  --> /main/main.sol:15:15
   |
14 | function main() returns (word) {
15 |   return pick(on);
   |               ^^ constructor must be qualified
16 | }
   |
   = help: use `flag.on`
