---
source: crates/test-utils/src/lib.rs
expression: rendered
input_file: crates/uitest/tests/fixtures/typeck/unreachable_match_arm/main.sol
---
warning[SC0303]: unreachable match arm
  --> /main/main.sol:8:1
   |
 7 |   }
 8 | / case Flag.Off {
 9 | | return 1;
10 | | }
   | |_^ this arm is unreachable
11 |   }
   |
   = note: this arm is covered by previous match arms
