---
source: crates/test-utils/src/lib.rs
expression: rendered
input_file: crates/uitest/tests/fixtures/nameres/unqualified_ctor_pattern/main.sol
---
error[SC0106]: unqualified constructor: off
 --> /main/main.sol:5:6
  |
4 |   match (f) {
5 | case off {
  |      ^^^ constructor must be qualified
6 | return 0;
  |
  = help: use `flag.off`
---

error[SC0106]: unqualified constructor: on
 --> /main/main.sol:8:6
  |
5 |   | off => return 0;
6 |   | on => return 1;
  |     ^^ constructor must be qualified
7 |   }
  |
  = help: use `flag.on`
