---
source: crates/test-utils/src/lib.rs
expression: rendered
input_file: crates/uitest/tests/fixtures/typeck/ergo_recovery_no_cascade/main.sol
---
error[SC0201]: argument type mismatch in call to `first`
  --> /main/main.sol:10:17
   |
 1 | function first(p: (word, word)) returns (word) {
   |                - parameter `p` defined here
 2 |   match (p) {
 3 | case (a, b) {
...
 9 | function f() returns (word) {
10 |   let x = first(true);
   |                 ^^^^ argument has mismatched type
11 |   return x;
   |
   = note: expected `(word, word)` because parameter `p` of `first` has type `(word, word)`
   = note: found type: bool
   = note: `first` has signature `first(p: (word, word)) returns (word)`
---

error[SC0201]: type mismatch: expected numeric, found bool
  --> /main/main.sol:15:10
   |
14 | function g() returns (bool) {
15 |   return 42;
   |          ^^ expression has mismatched type
16 | }
   |
   = note: expected type: numeric
   = note: found type: bool
