---
source: crates/test-utils/src/lib.rs
expression: rendered
input_file: crates/uitest/tests/fixtures/parse/ergo_hull_empty_match/main.sol
---
error[SC0001]: match requires at least one `case` or `default` arm
 --> /main/main.sol:4:3
  |
3 |   function impossible(b: B) returns (word) {
4 | /   match (b) {
5 | |   }
  | |___^
6 |   }
  |
