---
source: crates/test-utils/src/lib.rs
expression: rendered
input_file: crates/uitest/tests/fixtures/parse/excessive_expression_nesting/main.sol
---
error[SC0001]: expression nesting exceeds the compiler limit of 32
 --> /main/main.sol:1:73
  |
1 | function main() returns (word) { return !!!!!!!!!!!!!!!!!!!!!!!!!!!!!!!!!!!!!!!!true; }
  |                                                                         ^^^^^^^^^^^^
