---
source: crates/test-utils/src/lib.rs
expression: rendered
input_file: crates/uitest/tests/fixtures/typeck/duplicate_literal_unreachable/main.sol
---
warning[SC0303]: unreachable match arm
 --> /main/main.sol:6:1
  |
5 |   }
6 | / case 0 {
7 | | return 1;
8 | | }
  | |_^ this arm is unreachable
9 |   default {
  |
  = note: this arm is covered by previous match arms
