---
source: crates/parser/tests/diagnostics.rs
expression: value
input_file: crates/parser/tests/fixtures/corpus/fail/test/examples/cases/require-annotation-missing-param.sol
---
error[SC0001]: named function parameter requires an explicit type
 --> /require-annotation-missing-param.sol:2:14
  |
1 | // Error: top-level free function with an unannotated parameter
2 | function add(x, y: word) returns (word) {
  |              ^
3 |   let res : word;
  |
  = note: while parsing function signature
