---
source: crates/parser/tests/diagnostics.rs
expression: value
input_file: crates/parser/tests/fixtures/corpus/fail/test/examples/cases/StructMembers.sol
---
error[SC0001]: parse error: unexpected `;`
  --> /StructMembers.sol:77:40
   |
76 |         let szb = memorySize(pb);
77 |         assembly { sz := add(sz, szb) }; // TODO: bounds check?
   |                                        ^ unexpected token
78 |         return sz;
   |
   = note: expecting end of input, or statement
---

error[SC0001]: parse error: unexpected `;`
  --> /StructMembers.sol:91:37
   |
90 |         let v;
91 |         assembly { v := mload(off) };
   |                                     ^ unexpected token
92 |         return Uint256(v);
   |
   = note: expecting end of input, or statement
---

error[SC0001]: parse error: unexpected `;`
   --> /StructMembers.sol:121:45
    |
120 |
121 |         assembly { ptr := add(ptr, offset) };
    |                                             ^ unexpected token
122 |
    |
    = note: expecting end of input, or statement
