---
source: crates/test-utils/src/lib.rs
expression: rendered
input_file: crates/uitest/tests/fixtures/nameres/ergo_unqual_ctor_sc0106/main.sol
---
error[SC0106]: unqualified constructor: On
  --> /main/main.sol:16:15
   |
15 | function main() returns (word) {
16 |   return isOn(On);
   |               ^^ constructor must be qualified
17 | }
   |
   = help: use `Light.On`
