---
source: crates/test-utils/src/lib.rs
expression: rendered
input_file: crates/uitest/tests/fixtures/parse/trait_missing_body_brace/main.sol
---
error[SC0001]: parse error: unexpected end of input
 --> /main/main.sol:1:12
  |
1 | trait T<a>
  |           ^ unexpected token
  |
  = note: expecting `{`
  = note: while parsing trait declaration
